../Core/Src/main.c:146:5:main	48	static
../Core/Src/main.c:297:6:SystemClock_Config	88	static
../Core/Src/main.c:344:13:MX_ADC1_Init	56	static
../Core/Src/main.c:412:13:MX_ADC2_Init	40	static
../Core/Src/main.c:471:13:MX_LPUART1_UART_Init	8	static
../Core/Src/main.c:518:13:MX_TIM2_Init	64	static
../Core/Src/main.c:581:13:MX_TIM3_Init	64	static
../Core/Src/main.c:640:13:MX_TIM4_Init	56	static
../Core/Src/main.c:689:13:MX_TIM5_Init	40	static
../Core/Src/main.c:732:13:MX_DMA_Init	16	static
../Core/Src/main.c:754:13:MX_GPIO_Init	48	static
../Core/Src/main.c:801:10:Average_ADC	24	static
../Core/Src/main.c:812:10:Average_ADC2	24	static
../Core/Src/main.c:832:6:UARTInterruptConfig	8	static
../Core/Src/main.c:838:6:HAL_UART_RxCpltCallback	16	static
../Core/Src/main.c:848:6:setMotor	16	static
../Core/Src/main.c:862:6:Wrapselect	16	static
../Core/Src/main.c:882:6:HAL_TIM_PeriodElapsedCallback	24	static
../Core/Src/main.c:890:10:micros	12	static
../Core/Src/main.c:895:6:QEIEncoderPosVel_Update	24	static
../Core/Src/main.c:923:6:Error_Handler	4	static,ignoring_inline_asm
