../Core/Src/main.c:101:5:main	8	static
../Core/Src/main.c:184:6:SystemClock_Config	88	static
../Core/Src/main.c:231:13:MX_ADC1_Init	56	static
../Core/Src/main.c:299:13:MX_LPUART1_UART_Init	8	static
../Core/Src/main.c:346:13:MX_TIM3_Init	64	static
../Core/Src/main.c:403:13:MX_DMA_Init	16	static
../Core/Src/main.c:422:13:MX_GPIO_Init	48	static
../Core/Src/main.c:469:10:Average_ADC	24	static
../Core/Src/main.c:480:6:ADC_Read_blocking	8	static
../Core/Src/main.c:489:6:UARTInterruptConfig	8	static
../Core/Src/main.c:495:6:HAL_UART_RxCpltCallback	16	static
../Core/Src/main.c:513:6:setMotor	16	static
../Core/Src/main.c:533:6:Error_Handler	4	static,ignoring_inline_asm
