../Core/Src/main.c:107:5:main	24	static
../Core/Src/main.c:217:6:SystemClock_Config	88	static
../Core/Src/main.c:264:13:MX_ADC1_Init	56	static
../Core/Src/main.c:332:13:MX_LPUART1_UART_Init	8	static
../Core/Src/main.c:379:13:MX_TIM3_Init	64	static
../Core/Src/main.c:436:13:MX_DMA_Init	16	static
../Core/Src/main.c:455:13:MX_GPIO_Init	48	static
../Core/Src/main.c:502:10:Average_ADC	24	static
../Core/Src/main.c:513:6:ADC_Read_blocking	8	static
../Core/Src/main.c:522:6:UARTInterruptConfig	8	static
../Core/Src/main.c:528:6:HAL_UART_RxCpltCallback	16	static
../Core/Src/main.c:538:6:setMotor	16	static
../Core/Src/main.c:552:6:Wrapselect	16	static
../Core/Src/main.c:577:6:Error_Handler	4	static,ignoring_inline_asm
